[0.030s] Invoking command in '/home/robot/Desktop/Session06/Johnny-Answers-Session06/build/my_interfaces': /usr/bin/cmake /home/robot/Desktop/Session06/Johnny-Answers-Session06/src/my_interfaces -DCMAKE_INSTALL_PREFIX=/home/robot/Desktop/Session06/Johnny-Answers-Session06/install/my_interfaces
[0.152s] -- The C compiler identification is GNU 11.4.0
[0.270s] -- The CXX compiler identification is GNU 11.4.0
[0.285s] -- Detecting C compiler ABI info
[0.462s] -- Detecting C compiler ABI info - done
[0.474s] -- Check for working C compiler: /usr/bin/cc - skipped
[0.478s] -- Detecting C compile features
[0.478s] -- Detecting C compile features - done
[0.482s] -- Detecting CXX compiler ABI info
[0.673s] -- Detecting CXX compiler ABI info - done
[0.684s] -- Check for working CXX compiler: /usr/bin/c++ - skipped
[0.684s] -- Detecting CXX compile features
[0.687s] -- Detecting CXX compile features - done
[0.691s] -- Found ament_cmake: 1.3.9 (/opt/ros/humble/share/ament_cmake/cmake)
[0.974s] -- Found Python3: /usr/bin/python3 (found version "3.10.12") found components: Interpreter 
[1.185s] -- Found ament_lint_auto: 0.12.11 (/opt/ros/humble/share/ament_lint_auto/cmake)
[1.284s] Error parsing '/home/robot/Desktop/Session06/Johnny-Answers-Session06/src/my_interfaces/package.xml':
[1.361s] Traceback (most recent call last):
[1.362s]   File "/usr/lib/python3/dist-packages/catkin_pkg/package.py", line 610, in parse_package_string
[1.365s]     root = dom.parseString(data)
[1.365s]   File "/usr/lib/python3.10/xml/dom/minidom.py", line 2000, in parseString
[1.368s]     return expatbuilder.parseString(string)
[1.369s]   File "/usr/lib/python3.10/xml/dom/expatbuilder.py", line 925, in parseString
[1.371s]     return builder.parseString(string)
[1.372s]   File "/usr/lib/python3.10/xml/dom/expatbuilder.py", line 223, in parseString
[1.372s]     parser.Parse(string, True)
[1.372s] xml.parsers.expat.ExpatError: junk after document element: line 20, column 0
[1.372s] 
[1.372s] During handling of the above exception, another exception occurred:
[1.372s] 
[1.372s] Traceback (most recent call last):
[1.373s]   File "/opt/ros/humble/share/ament_cmake_core/cmake/core/package_xml_2_cmake.py", line 150, in <module>
[1.373s]     main()
[1.373s]   File "/opt/ros/humble/share/ament_cmake_core/cmake/core/package_xml_2_cmake.py", line 53, in main
[1.373s]     raise e
[1.373s]   File "/opt/ros/humble/share/ament_cmake_core/cmake/core/package_xml_2_cmake.py", line 49, in main
[1.373s]     package = parse_package_string(
[1.373s]   File "/usr/lib/python3/dist-packages/catkin_pkg/package.py", line 612, in parse_package_string
[1.374s]     raise InvalidPackage('The manifest contains invalid XML:\n%s' % ex, filename)
[1.374s] catkin_pkg.package.InvalidPackage: Error(s) in package '/home/robot/Desktop/Session06/Johnny-Answers-Session06/src/my_interfaces/package.xml':
[1.374s] The manifest contains invalid XML:
[1.374s] junk after document element: line 20, column 0
[1.393s] [31mCMake Error at /opt/ros/humble/share/ament_cmake_core/cmake/core/ament_package_xml.cmake:95 (message):
[1.393s]   execute_process(/usr/bin/python3
[1.393s]   /opt/ros/humble/share/ament_cmake_core/cmake/core/package_xml_2_cmake.py
[1.393s]   /home/robot/Desktop/Session06/Johnny-Answers-Session06/src/my_interfaces/package.xml
[1.393s]   /home/robot/Desktop/Session06/Johnny-Answers-Session06/build/my_interfaces/ament_cmake_core/package.cmake)
[1.394s]   returned error code 1
[1.394s] Call Stack (most recent call first):
[1.394s]   /opt/ros/humble/share/ament_cmake_core/cmake/core/ament_package_xml.cmake:49 (_ament_package_xml)
[1.394s]   /opt/ros/humble/share/ament_lint_auto/cmake/ament_lint_auto_find_test_dependencies.cmake:31 (ament_package_xml)
[1.394s]   CMakeLists.txt:23 (ament_lint_auto_find_test_dependencies)
[1.394s] 
[1.394s] [0m
[1.394s] -- Configuring incomplete, errors occurred!
[1.395s] See also "/home/robot/Desktop/Session06/Johnny-Answers-Session06/build/my_interfaces/CMakeFiles/CMakeOutput.log".
[1.402s] Invoked command in '/home/robot/Desktop/Session06/Johnny-Answers-Session06/build/my_interfaces' returned '1': /usr/bin/cmake /home/robot/Desktop/Session06/Johnny-Answers-Session06/src/my_interfaces -DCMAKE_INSTALL_PREFIX=/home/robot/Desktop/Session06/Johnny-Answers-Session06/install/my_interfaces
