[0.000000] (-) TimerEvent: {}
[0.000326] (my_interfaces) JobQueued: {'identifier': 'my_interfaces', 'dependencies': OrderedDict()}
[0.000690] (warehouse_robot) JobQueued: {'identifier': 'warehouse_robot', 'dependencies': OrderedDict()}
[0.000832] (my_interfaces) JobStarted: {'identifier': 'my_interfaces'}
[0.008630] (warehouse_robot) JobStarted: {'identifier': 'warehouse_robot'}
[0.023052] (my_interfaces) JobProgress: {'identifier': 'my_interfaces', 'progress': 'cmake'}
[0.024347] (my_interfaces) Command: {'cmd': ['/usr/bin/cmake', '/home/robot/Desktop/Session06/Johnny-Answers-Session06/src/my_interfaces', '-DCMAKE_INSTALL_PREFIX=/home/robot/Desktop/Session06/Johnny-Answers-Session06/install/my_interfaces'], 'cwd': '/home/robot/Desktop/Session06/Johnny-Answers-Session06/build/my_interfaces', 'env': OrderedDict([('LESSOPEN', '| /usr/bin/lesspipe %s'), ('LANGUAGE', 'en_US:'), ('USER', 'robot'), ('LC_TIME', 'ar_LB.UTF-8'), ('XDG_SESSION_TYPE', 'wayland'), ('SHLVL', '1'), ('LD_LIBRARY_PATH', '/opt/ros/humble/opt/rviz_ogre_vendor/lib:/opt/ros/humble/lib/x86_64-linux-gnu:/opt/ros/humble/lib'), ('HOME', '/home/robot'), ('OLDPWD', '/home/robot/Desktop/Session06/Johnny-Answers-Session06/src'), ('DESKTOP_SESSION', 'ubuntu'), ('ROS_PYTHON_VERSION', '3'), ('GNOME_SHELL_SESSION_MODE', 'ubuntu'), ('GTK_MODULES', 'gail:atk-bridge'), ('LC_MONETARY', 'ar_LB.UTF-8'), ('DBUS_STARTER_BUS_TYPE', 'session'), ('SYSTEMD_EXEC_PID', '2710'), ('DBUS_SESSION_BUS_ADDRESS', 'unix:path=/run/user/1000/bus,guid=a3c8a3a0c43b89414915e3f3669b89c9'), ('COLORTERM', 'truecolor'), ('IM_CONFIG_PHASE', '1'), ('WAYLAND_DISPLAY', 'wayland-0'), ('COLCON_PREFIX_PATH', '/home/robot/Desktop/Session06/Johnny-Answers-Session06/install'), ('ROS_DISTRO', 'humble'), ('LOGNAME', 'robot'), ('_', '/usr/bin/colcon'), ('ROS_VERSION', '2'), ('XDG_SESSION_CLASS', 'user'), ('USERNAME', 'robot'), ('TERM', 'xterm-256color'), ('GNOME_DESKTOP_SESSION_ID', 'this-is-deprecated'), ('ROS_LOCALHOST_ONLY', '0'), ('PATH', '/opt/ros/humble/bin:/usr/local/sbin:/usr/local/bin:/usr/sbin:/usr/bin:/sbin:/bin:/usr/games:/usr/local/games:/snap/bin:/snap/bin'), ('SESSION_MANAGER', 'local/robot-virtual-machine:@/tmp/.ICE-unix/2710,unix/robot-virtual-machine:/tmp/.ICE-unix/2710'), ('XDG_MENU_PREFIX', 'gnome-'), ('LC_ADDRESS', 'ar_LB.UTF-8'), ('GNOME_TERMINAL_SCREEN', '/org/gnome/Terminal/screen/fbfc0653_563f_4455_bc6a_a9e4abfbbc44'), ('GNOME_SETUP_DISPLAY', ':1'), ('XDG_RUNTIME_DIR', '/run/user/1000'), ('DISPLAY', ':0'), ('LANG', 'en_US.UTF-8'), ('XDG_CURRENT_DESKTOP', 'ubuntu:GNOME'), ('LC_TELEPHONE', 'ar_LB.UTF-8'), ('XMODIFIERS', '@im=ibus'), ('XDG_SESSION_DESKTOP', 'ubuntu'), ('XAUTHORITY', '/run/user/1000/.mutter-Xwaylandauth.43R0Q2'), ('LS_COLORS', 'rs=0:di=01;34:ln=01;36:mh=00:pi=40;33:so=01;35:do=01;35:bd=40;33;01:cd=40;33;01:or=40;31;01:mi=00:su=37;41:sg=30;43:ca=30;41:tw=30;42:ow=34;42:st=37;44:ex=01;32:*.tar=01;31:*.tgz=01;31:*.arc=01;31:*.arj=01;31:*.taz=01;31:*.lha=01;31:*.lz4=01;31:*.lzh=01;31:*.lzma=01;31:*.tlz=01;31:*.txz=01;31:*.tzo=01;31:*.t7z=01;31:*.zip=01;31:*.z=01;31:*.dz=01;31:*.gz=01;31:*.lrz=01;31:*.lz=01;31:*.lzo=01;31:*.xz=01;31:*.zst=01;31:*.tzst=01;31:*.bz2=01;31:*.bz=01;31:*.tbz=01;31:*.tbz2=01;31:*.tz=01;31:*.deb=01;31:*.rpm=01;31:*.jar=01;31:*.war=01;31:*.ear=01;31:*.sar=01;31:*.rar=01;31:*.alz=01;31:*.ace=01;31:*.zoo=01;31:*.cpio=01;31:*.7z=01;31:*.rz=01;31:*.cab=01;31:*.wim=01;31:*.swm=01;31:*.dwm=01;31:*.esd=01;31:*.jpg=01;35:*.jpeg=01;35:*.mjpg=01;35:*.mjpeg=01;35:*.gif=01;35:*.bmp=01;35:*.pbm=01;35:*.pgm=01;35:*.ppm=01;35:*.tga=01;35:*.xbm=01;35:*.xpm=01;35:*.tif=01;35:*.tiff=01;35:*.png=01;35:*.svg=01;35:*.svgz=01;35:*.mng=01;35:*.pcx=01;35:*.mov=01;35:*.mpg=01;35:*.mpeg=01;35:*.m2v=01;35:*.mkv=01;35:*.webm=01;35:*.webp=01;35:*.ogm=01;35:*.mp4=01;35:*.m4v=01;35:*.mp4v=01;35:*.vob=01;35:*.qt=01;35:*.nuv=01;35:*.wmv=01;35:*.asf=01;35:*.rm=01;35:*.rmvb=01;35:*.flc=01;35:*.avi=01;35:*.fli=01;35:*.flv=01;35:*.gl=01;35:*.dl=01;35:*.xcf=01;35:*.xwd=01;35:*.yuv=01;35:*.cgm=01;35:*.emf=01;35:*.ogv=01;35:*.ogx=01;35:*.aac=00;36:*.au=00;36:*.flac=00;36:*.m4a=00;36:*.mid=00;36:*.midi=00;36:*.mka=00;36:*.mp3=00;36:*.mpc=00;36:*.ogg=00;36:*.ra=00;36:*.wav=00;36:*.oga=00;36:*.opus=00;36:*.spx=00;36:*.xspf=00;36:'), ('GNOME_TERMINAL_SERVICE', ':1.118'), ('SSH_AGENT_LAUNCHER', 'gnome-keyring'), ('SSH_AUTH_SOCK', '/run/user/1000/keyring/ssh'), ('AMENT_PREFIX_PATH', '/home/robot/Desktop/Session06/Johnny-Answers-Session06/install/my_package:/home/robot/Desktop/Session06/Johnny-Answers-Session06/install/warehouse_robot:/opt/ros/humble'), ('SHELL', '/bin/bash'), ('LC_NAME', 'ar_LB.UTF-8'), ('QT_ACCESSIBILITY', '1'), ('GDMSESSION', 'ubuntu'), ('LESSCLOSE', '/usr/bin/lesspipe %s %s'), ('LC_MEASUREMENT', 'ar_LB.UTF-8'), ('LC_IDENTIFICATION', 'ar_LB.UTF-8'), ('QT_IM_MODULE', 'ibus'), ('PWD', '/home/robot/Desktop/Session06/Johnny-Answers-Session06/build/my_interfaces'), ('LC_ALL', 'en_US.UTF-8'), ('XDG_CONFIG_DIRS', '/etc/xdg/xdg-ubuntu:/etc/xdg'), ('DBUS_STARTER_ADDRESS', 'unix:path=/run/user/1000/bus,guid=a3c8a3a0c43b89414915e3f3669b89c9'), ('XDG_DATA_DIRS', '/usr/share/ubuntu:/usr/local/share/:/usr/share/:/var/lib/snapd/desktop'), ('PYTHONPATH', '/home/robot/Desktop/Session06/Johnny-Answers-Session06/install/warehouse_robot/lib/python3.10/site-packages:/opt/ros/humble/lib/python3.10/site-packages:/opt/ros/humble/local/lib/python3.10/dist-packages'), ('LC_NUMERIC', 'ar_LB.UTF-8'), ('LC_PAPER', 'ar_LB.UTF-8'), ('COLCON', '1'), ('VTE_VERSION', '6800'), ('CMAKE_PREFIX_PATH', '/home/robot/Desktop/Session06/Johnny-Answers-Session06/install/my_package')]), 'shell': False}
[0.095837] (-) TimerEvent: {}
[0.152867] (my_interfaces) StdoutLine: {'line': b'-- The C compiler identification is GNU 11.4.0\n'}
[0.196101] (-) TimerEvent: {}
[0.270770] (my_interfaces) StdoutLine: {'line': b'-- The CXX compiler identification is GNU 11.4.0\n'}
[0.285782] (my_interfaces) StdoutLine: {'line': b'-- Detecting C compiler ABI info\n'}
[0.296954] (-) TimerEvent: {}
[0.399215] (-) TimerEvent: {}
[0.462761] (my_interfaces) StdoutLine: {'line': b'-- Detecting C compiler ABI info - done\n'}
[0.474229] (my_interfaces) StdoutLine: {'line': b'-- Check for working C compiler: /usr/bin/cc - skipped\n'}
[0.478233] (my_interfaces) StdoutLine: {'line': b'-- Detecting C compile features\n'}
[0.478493] (my_interfaces) StdoutLine: {'line': b'-- Detecting C compile features - done\n'}
[0.482888] (my_interfaces) StdoutLine: {'line': b'-- Detecting CXX compiler ABI info\n'}
[0.500462] (-) TimerEvent: {}
[0.602996] (-) TimerEvent: {}
[0.673778] (my_interfaces) StdoutLine: {'line': b'-- Detecting CXX compiler ABI info - done\n'}
[0.684210] (my_interfaces) StdoutLine: {'line': b'-- Check for working CXX compiler: /usr/bin/c++ - skipped\n'}
[0.684482] (my_interfaces) StdoutLine: {'line': b'-- Detecting CXX compile features\n'}
[0.687188] (my_interfaces) StdoutLine: {'line': b'-- Detecting CXX compile features - done\n'}
[0.692005] (my_interfaces) StdoutLine: {'line': b'-- Found ament_cmake: 1.3.9 (/opt/ros/humble/share/ament_cmake/cmake)\n'}
[0.703195] (-) TimerEvent: {}
[0.803813] (-) TimerEvent: {}
[0.904990] (-) TimerEvent: {}
[0.974568] (my_interfaces) StdoutLine: {'line': b'-- Found Python3: /usr/bin/python3 (found version "3.10.12") found components: Interpreter \n'}
[1.005200] (-) TimerEvent: {}
[1.105711] (-) TimerEvent: {}
[1.142044] (warehouse_robot) Command: {'cmd': ['/usr/bin/python3', '-W', 'ignore:setup.py install is deprecated', 'setup.py', 'egg_info', '--egg-base', '../../build/warehouse_robot', 'build', '--build-base', '/home/robot/Desktop/Session06/Johnny-Answers-Session06/build/warehouse_robot/build', 'install', '--record', '/home/robot/Desktop/Session06/Johnny-Answers-Session06/build/warehouse_robot/install.log', '--single-version-externally-managed', 'install_data'], 'cwd': '/home/robot/Desktop/Session06/Johnny-Answers-Session06/src/warehouse_robot', 'env': {'LESSOPEN': '| /usr/bin/lesspipe %s', 'LANGUAGE': 'en_US:', 'USER': 'robot', 'LC_TIME': 'ar_LB.UTF-8', 'XDG_SESSION_TYPE': 'wayland', 'SHLVL': '1', 'LD_LIBRARY_PATH': '/opt/ros/humble/opt/rviz_ogre_vendor/lib:/opt/ros/humble/lib/x86_64-linux-gnu:/opt/ros/humble/lib', 'HOME': '/home/robot', 'OLDPWD': '/home/robot/Desktop/Session06/Johnny-Answers-Session06/src', 'DESKTOP_SESSION': 'ubuntu', 'ROS_PYTHON_VERSION': '3', 'GNOME_SHELL_SESSION_MODE': 'ubuntu', 'GTK_MODULES': 'gail:atk-bridge', 'LC_MONETARY': 'ar_LB.UTF-8', 'DBUS_STARTER_BUS_TYPE': 'session', 'SYSTEMD_EXEC_PID': '2710', 'DBUS_SESSION_BUS_ADDRESS': 'unix:path=/run/user/1000/bus,guid=a3c8a3a0c43b89414915e3f3669b89c9', 'COLORTERM': 'truecolor', 'IM_CONFIG_PHASE': '1', 'WAYLAND_DISPLAY': 'wayland-0', 'COLCON_PREFIX_PATH': '/home/robot/Desktop/Session06/Johnny-Answers-Session06/install', 'ROS_DISTRO': 'humble', 'LOGNAME': 'robot', '_': '/usr/bin/colcon', 'ROS_VERSION': '2', 'XDG_SESSION_CLASS': 'user', 'USERNAME': 'robot', 'TERM': 'xterm-256color', 'GNOME_DESKTOP_SESSION_ID': 'this-is-deprecated', 'ROS_LOCALHOST_ONLY': '0', 'PATH': '/opt/ros/humble/bin:/usr/local/sbin:/usr/local/bin:/usr/sbin:/usr/bin:/sbin:/bin:/usr/games:/usr/local/games:/snap/bin:/snap/bin', 'SESSION_MANAGER': 'local/robot-virtual-machine:@/tmp/.ICE-unix/2710,unix/robot-virtual-machine:/tmp/.ICE-unix/2710', 'XDG_MENU_PREFIX': 'gnome-', 'LC_ADDRESS': 'ar_LB.UTF-8', 'GNOME_TERMINAL_SCREEN': '/org/gnome/Terminal/screen/fbfc0653_563f_4455_bc6a_a9e4abfbbc44', 'GNOME_SETUP_DISPLAY': ':1', 'XDG_RUNTIME_DIR': '/run/user/1000', 'DISPLAY': ':0', 'LANG': 'en_US.UTF-8', 'XDG_CURRENT_DESKTOP': 'ubuntu:GNOME', 'LC_TELEPHONE': 'ar_LB.UTF-8', 'XMODIFIERS': '@im=ibus', 'XDG_SESSION_DESKTOP': 'ubuntu', 'XAUTHORITY': '/run/user/1000/.mutter-Xwaylandauth.43R0Q2', 'LS_COLORS': 'rs=0:di=01;34:ln=01;36:mh=00:pi=40;33:so=01;35:do=01;35:bd=40;33;01:cd=40;33;01:or=40;31;01:mi=00:su=37;41:sg=30;43:ca=30;41:tw=30;42:ow=34;42:st=37;44:ex=01;32:*.tar=01;31:*.tgz=01;31:*.arc=01;31:*.arj=01;31:*.taz=01;31:*.lha=01;31:*.lz4=01;31:*.lzh=01;31:*.lzma=01;31:*.tlz=01;31:*.txz=01;31:*.tzo=01;31:*.t7z=01;31:*.zip=01;31:*.z=01;31:*.dz=01;31:*.gz=01;31:*.lrz=01;31:*.lz=01;31:*.lzo=01;31:*.xz=01;31:*.zst=01;31:*.tzst=01;31:*.bz2=01;31:*.bz=01;31:*.tbz=01;31:*.tbz2=01;31:*.tz=01;31:*.deb=01;31:*.rpm=01;31:*.jar=01;31:*.war=01;31:*.ear=01;31:*.sar=01;31:*.rar=01;31:*.alz=01;31:*.ace=01;31:*.zoo=01;31:*.cpio=01;31:*.7z=01;31:*.rz=01;31:*.cab=01;31:*.wim=01;31:*.swm=01;31:*.dwm=01;31:*.esd=01;31:*.jpg=01;35:*.jpeg=01;35:*.mjpg=01;35:*.mjpeg=01;35:*.gif=01;35:*.bmp=01;35:*.pbm=01;35:*.pgm=01;35:*.ppm=01;35:*.tga=01;35:*.xbm=01;35:*.xpm=01;35:*.tif=01;35:*.tiff=01;35:*.png=01;35:*.svg=01;35:*.svgz=01;35:*.mng=01;35:*.pcx=01;35:*.mov=01;35:*.mpg=01;35:*.mpeg=01;35:*.m2v=01;35:*.mkv=01;35:*.webm=01;35:*.webp=01;35:*.ogm=01;35:*.mp4=01;35:*.m4v=01;35:*.mp4v=01;35:*.vob=01;35:*.qt=01;35:*.nuv=01;35:*.wmv=01;35:*.asf=01;35:*.rm=01;35:*.rmvb=01;35:*.flc=01;35:*.avi=01;35:*.fli=01;35:*.flv=01;35:*.gl=01;35:*.dl=01;35:*.xcf=01;35:*.xwd=01;35:*.yuv=01;35:*.cgm=01;35:*.emf=01;35:*.ogv=01;35:*.ogx=01;35:*.aac=00;36:*.au=00;36:*.flac=00;36:*.m4a=00;36:*.mid=00;36:*.midi=00;36:*.mka=00;36:*.mp3=00;36:*.mpc=00;36:*.ogg=00;36:*.ra=00;36:*.wav=00;36:*.oga=00;36:*.opus=00;36:*.spx=00;36:*.xspf=00;36:', 'GNOME_TERMINAL_SERVICE': ':1.118', 'SSH_AGENT_LAUNCHER': 'gnome-keyring', 'SSH_AUTH_SOCK': '/run/user/1000/keyring/ssh', 'AMENT_PREFIX_PATH': '/home/robot/Desktop/Session06/Johnny-Answers-Session06/install/my_package:/home/robot/Desktop/Session06/Johnny-Answers-Session06/install/warehouse_robot:/opt/ros/humble', 'SHELL': '/bin/bash', 'LC_NAME': 'ar_LB.UTF-8', 'QT_ACCESSIBILITY': '1', 'GDMSESSION': 'ubuntu', 'LESSCLOSE': '/usr/bin/lesspipe %s %s', 'LC_MEASUREMENT': 'ar_LB.UTF-8', 'LC_IDENTIFICATION': 'ar_LB.UTF-8', 'QT_IM_MODULE': 'ibus', 'PWD': '/home/robot/Desktop/Session06/Johnny-Answers-Session06/build/warehouse_robot', 'LC_ALL': 'en_US.UTF-8', 'XDG_CONFIG_DIRS': '/etc/xdg/xdg-ubuntu:/etc/xdg', 'DBUS_STARTER_ADDRESS': 'unix:path=/run/user/1000/bus,guid=a3c8a3a0c43b89414915e3f3669b89c9', 'XDG_DATA_DIRS': '/usr/share/ubuntu:/usr/local/share/:/usr/share/:/var/lib/snapd/desktop', 'PYTHONPATH': '/home/robot/Desktop/Session06/Johnny-Answers-Session06/build/warehouse_robot/prefix_override:/usr/lib/python3/dist-packages/colcon_core/task/python/colcon_distutils_commands:/home/robot/Desktop/Session06/Johnny-Answers-Session06/install/warehouse_robot/lib/python3.10/site-packages:/home/robot/Desktop/Session06/Johnny-Answers-Session06/install/warehouse_robot/lib/python3.10/site-packages:/opt/ros/humble/lib/python3.10/site-packages:/opt/ros/humble/local/lib/python3.10/dist-packages', 'LC_NUMERIC': 'ar_LB.UTF-8', 'LC_PAPER': 'ar_LB.UTF-8', 'COLCON': '1', 'VTE_VERSION': '6800', 'CMAKE_PREFIX_PATH': '/home/robot/Desktop/Session06/Johnny-Answers-Session06/install/my_package'}, 'shell': False}
[1.185237] (my_interfaces) StdoutLine: {'line': b'-- Found ament_lint_auto: 0.12.11 (/opt/ros/humble/share/ament_lint_auto/cmake)\n'}
[1.205932] (-) TimerEvent: {}
[1.284169] (my_interfaces) StderrLine: {'line': b"Error parsing '/home/robot/Desktop/Session06/Johnny-Answers-Session06/src/my_interfaces/package.xml':\n"}
[1.306151] (-) TimerEvent: {}
[1.361779] (my_interfaces) StderrLine: {'line': b'Traceback (most recent call last):\n'}
[1.362127] (my_interfaces) StderrLine: {'line': b'  File "/usr/lib/python3/dist-packages/catkin_pkg/package.py", line 610, in parse_package_string\n'}
[1.365644] (my_interfaces) StderrLine: {'line': b'    root = dom.parseString(data)\n'}
[1.366119] (my_interfaces) StderrLine: {'line': b'  File "/usr/lib/python3.10/xml/dom/minidom.py", line 2000, in parseString\n'}
[1.369123] (my_interfaces) StderrLine: {'line': b'    return expatbuilder.parseString(string)\n'}
[1.369371] (my_interfaces) StderrLine: {'line': b'  File "/usr/lib/python3.10/xml/dom/expatbuilder.py", line 925, in parseString\n'}
[1.372109] (my_interfaces) StderrLine: {'line': b'    return builder.parseString(string)\n'}
[1.372360] (my_interfaces) StderrLine: {'line': b'  File "/usr/lib/python3.10/xml/dom/expatbuilder.py", line 223, in parseString\n'}
[1.372517] (my_interfaces) StderrLine: {'line': b'    parser.Parse(string, True)\n'}
[1.372664] (my_interfaces) StderrLine: {'line': b'xml.parsers.expat.ExpatError: junk after document element: line 20, column 0\n'}
[1.372809] (my_interfaces) StderrLine: {'line': b'\n'}
[1.372951] (my_interfaces) StderrLine: {'line': b'During handling of the above exception, another exception occurred:\n'}
[1.373091] (my_interfaces) StderrLine: {'line': b'\n'}
[1.373229] (my_interfaces) StderrLine: {'line': b'Traceback (most recent call last):\n'}
[1.373364] (my_interfaces) StderrLine: {'line': b'  File "/opt/ros/humble/share/ament_cmake_core/cmake/core/package_xml_2_cmake.py", line 150, in <module>\n'}
[1.373500] (my_interfaces) StderrLine: {'line': b'    main()\n'}
[1.373638] (my_interfaces) StderrLine: {'line': b'  File "/opt/ros/humble/share/ament_cmake_core/cmake/core/package_xml_2_cmake.py", line 53, in main\n'}
[1.373779] (my_interfaces) StderrLine: {'line': b'    raise e\n'}
[1.373917] (my_interfaces) StderrLine: {'line': b'  File "/opt/ros/humble/share/ament_cmake_core/cmake/core/package_xml_2_cmake.py", line 49, in main\n'}
[1.374057] (my_interfaces) StderrLine: {'line': b'    package = parse_package_string(\n'}
[1.374202] (my_interfaces) StderrLine: {'line': b'  File "/usr/lib/python3/dist-packages/catkin_pkg/package.py", line 612, in parse_package_string\n'}
[1.374340] (my_interfaces) StderrLine: {'line': b"    raise InvalidPackage('The manifest contains invalid XML:\\n%s' % ex, filename)\n"}
[1.374479] (my_interfaces) StderrLine: {'line': b"catkin_pkg.package.InvalidPackage: Error(s) in package '/home/robot/Desktop/Session06/Johnny-Answers-Session06/src/my_interfaces/package.xml':\n"}
[1.374620] (my_interfaces) StderrLine: {'line': b'The manifest contains invalid XML:\n'}
[1.374764] (my_interfaces) StderrLine: {'line': b'junk after document element: line 20, column 0\n'}
[1.393478] (my_interfaces) StderrLine: {'line': b'\x1b[31mCMake Error at /opt/ros/humble/share/ament_cmake_core/cmake/core/ament_package_xml.cmake:95 (message):\n'}
[1.393731] (my_interfaces) StderrLine: {'line': b'  execute_process(/usr/bin/python3\n'}
[1.393883] (my_interfaces) StderrLine: {'line': b'  /opt/ros/humble/share/ament_cmake_core/cmake/core/package_xml_2_cmake.py\n'}
[1.394037] (my_interfaces) StderrLine: {'line': b'  /home/robot/Desktop/Session06/Johnny-Answers-Session06/src/my_interfaces/package.xml\n'}
[1.394174] (my_interfaces) StderrLine: {'line': b'  /home/robot/Desktop/Session06/Johnny-Answers-Session06/build/my_interfaces/ament_cmake_core/package.cmake)\n'}
[1.394307] (my_interfaces) StderrLine: {'line': b'  returned error code 1\n'}
[1.394439] (my_interfaces) StderrLine: {'line': b'Call Stack (most recent call first):\n'}
[1.394570] (my_interfaces) StderrLine: {'line': b'  /opt/ros/humble/share/ament_cmake_core/cmake/core/ament_package_xml.cmake:49 (_ament_package_xml)\n'}
[1.394702] (my_interfaces) StderrLine: {'line': b'  /opt/ros/humble/share/ament_lint_auto/cmake/ament_lint_auto_find_test_dependencies.cmake:31 (ament_package_xml)\n'}
[1.394835] (my_interfaces) StderrLine: {'line': b'  CMakeLists.txt:23 (ament_lint_auto_find_test_dependencies)\n'}
[1.394967] (my_interfaces) StderrLine: {'line': b'\n'}
[1.395097] (my_interfaces) StderrLine: {'line': b'\x1b[0m\n'}
[1.395227] (my_interfaces) StdoutLine: {'line': b'-- Configuring incomplete, errors occurred!\n'}
[1.395368] (my_interfaces) StdoutLine: {'line': b'See also "/home/robot/Desktop/Session06/Johnny-Answers-Session06/build/my_interfaces/CMakeFiles/CMakeOutput.log".\n'}
[1.402336] (my_interfaces) CommandEnded: {'returncode': 1}
[1.403045] (my_interfaces) JobEnded: {'identifier': 'my_interfaces', 'rc': 1}
[1.407776] (-) TimerEvent: {}
[1.511782] (-) TimerEvent: {}
[1.591109] (warehouse_robot) StdoutLine: {'line': b'running egg_info\n'}
[1.591937] (warehouse_robot) StdoutLine: {'line': b'writing ../../build/warehouse_robot/warehouse_robot.egg-info/PKG-INFO\n'}
[1.592138] (warehouse_robot) StdoutLine: {'line': b'writing dependency_links to ../../build/warehouse_robot/warehouse_robot.egg-info/dependency_links.txt\n'}
[1.592682] (warehouse_robot) StdoutLine: {'line': b'writing entry points to ../../build/warehouse_robot/warehouse_robot.egg-info/entry_points.txt\n'}
[1.593156] (warehouse_robot) StdoutLine: {'line': b'writing requirements to ../../build/warehouse_robot/warehouse_robot.egg-info/requires.txt\n'}
[1.593373] (warehouse_robot) StdoutLine: {'line': b'writing top-level names to ../../build/warehouse_robot/warehouse_robot.egg-info/top_level.txt\n'}
[1.595769] (warehouse_robot) StdoutLine: {'line': b"reading manifest file '../../build/warehouse_robot/warehouse_robot.egg-info/SOURCES.txt'\n"}
[1.597933] (warehouse_robot) StdoutLine: {'line': b"writing manifest file '../../build/warehouse_robot/warehouse_robot.egg-info/SOURCES.txt'\n"}
[1.598183] (warehouse_robot) StdoutLine: {'line': b'running build\n'}
[1.598338] (warehouse_robot) StdoutLine: {'line': b'running build_py\n'}
[1.598788] (warehouse_robot) StdoutLine: {'line': b'running install\n'}
[1.599214] (warehouse_robot) StdoutLine: {'line': b'running install_lib\n'}
[1.601649] (warehouse_robot) StdoutLine: {'line': b'running install_data\n'}
[1.601898] (warehouse_robot) StdoutLine: {'line': b'running install_egg_info\n'}
[1.604616] (warehouse_robot) StdoutLine: {'line': b"removing '/home/robot/Desktop/Session06/Johnny-Answers-Session06/install/warehouse_robot/lib/python3.10/site-packages/warehouse_robot-0.0.0-py3.10.egg-info' (and everything under it)\n"}
[1.604871] (warehouse_robot) StdoutLine: {'line': b'Copying ../../build/warehouse_robot/warehouse_robot.egg-info to /home/robot/Desktop/Session06/Johnny-Answers-Session06/install/warehouse_robot/lib/python3.10/site-packages/warehouse_robot-0.0.0-py3.10.egg-info\n'}
[1.607939] (warehouse_robot) StdoutLine: {'line': b'running install_scripts\n'}
[1.612626] (-) TimerEvent: {}
[1.642015] (warehouse_robot) StdoutLine: {'line': b"writing list of installed files to '/home/robot/Desktop/Session06/Johnny-Answers-Session06/build/warehouse_robot/install.log'\n"}
[1.679123] (warehouse_robot) JobEnded: {'identifier': 'warehouse_robot', 'rc': 'SIGINT'}
[1.690580] (-) EventReactorShutdown: {}
